C51 COMPILER V9.60.7.0   MAIN                                                              10/01/2023 12:32:52 PAGE 1   


C51 COMPILER V9.60.7.0, COMPILATION OF MODULE MAIN
OBJECT MODULE PLACED IN .\Objects\main.obj
COMPILER INVOKED BY: C:\Keil_v5\C51\BIN\C51.EXE main.c OPTIMIZE(8,SPEED) BROWSE DEBUG OBJECTEXTEND PRINT(.\Listings\main
                    -.lst) TABS(2) OBJECT(.\Objects\main.obj)

line level    source

   1          #include<reg51.h>
   2          
   3          #define delay for(i=0;i<1000;i++);
   4          #define lcd P2
   5          
   6          sbit rd=P0^0;
   7          sbit wr=P0^1;
   8          sbit intr=P0^2;
   9          
  10          sbit rs=P3^2;
  11          sbit rw=P3^3;
  12          sbit en=P3^4;
  13          
  14          void lcd_int();
  15          void cmd(unsigned int b);
  16          void dat(unsigned int c);
  17          void show(unsigned char *s);
  18          
  19          unsigned char adc(),get_value, conv;
  20          int i;
  21          float voltage;
  22          
  23          void main()
  24          {
  25   1          lcd_int();
  26   1          show("Voltag: ");
  27   1          while(1)
  28   1              {
  29   2              get_value = adc();  //voltage = adcValue * 5.0 / 255.0;
  30   2              cmd(0x87);
  31   2              dat((get_value/100)+48);
  32   2              dat(((get_value/10)%10)+48);
  33   2              dat((((get_value%10)+48)*(5.0 / 255.0))/5);
  34   2              dat(0x60);
  35   2              //cmd(0x90);
  36   2              //dat();
  37   2              //dat('c');
  38   2      
  39   2              }
  40   1      }
  41          
  42          void lcd_int()
  43          {
  44   1          cmd(0x38);
  45   1          cmd(0x0e);
  46   1          cmd(0x06);
  47   1          cmd(0x01);
  48   1          cmd(0x80);
  49   1      }
  50          
  51          void cmd(unsigned int b)
  52          {
  53   1          lcd=b;
  54   1          rs=0;
C51 COMPILER V9.60.7.0   MAIN                                                              10/01/2023 12:32:52 PAGE 2   

  55   1          rw=0;
  56   1          en=1;
  57   1          delay;
  58   1          en=0;
  59   1      }
  60          
  61          void dat(unsigned int c)
  62          {
  63   1          lcd=c;
  64   1          rs=1;
  65   1          rw=0;
  66   1          en=1;
  67   1          delay;
  68   1          en=0;
  69   1      }
  70          
  71          void show(unsigned char *s)
  72          {
  73   1          while(*s)
  74   1              dat(*s++);
  75   1      }
  76          
  77          unsigned char adc()
  78          {
  79   1          wr=0;
  80   1          rd=1;
  81   1          wr=1;
  82   1          while(intr==1);
  83   1          rd=0;
  84   1          conv=P1;
  85   1          
  86   1          return conv;
  87   1      }


MODULE INFORMATION:   STATIC OVERLAYABLE
   CODE SIZE        =    262    ----
   CONSTANT SIZE    =      9    ----
   XDATA SIZE       =   ----    ----
   PDATA SIZE       =   ----    ----
   DATA SIZE        =      8       3
   IDATA SIZE       =   ----    ----
   BIT SIZE         =   ----    ----
END OF MODULE INFORMATION.


C51 COMPILATION COMPLETE.  0 WARNING(S),  0 ERROR(S)
