BL51 BANKED LINKER/LOCATER V6.22.4.0                                                    09/25/2023  19:47:09  PAGE 1


BL51 BANKED LINKER/LOCATER V6.22.4.0, INVOKED BY:
C:\KEIL_V5\C51\BIN\BL51.EXE .\Objects\STARTUP.obj, .\Objects\main.obj TO .\Objects\TEST PRINT (.\Listings\TEST.m51)


MEMORY MODEL: SMALL


INPUT MODULES INCLUDED:
  .\Objects\STARTUP.obj (?C_STARTUP)
  .\Objects\main.obj (MAIN)
  C:\KEIL_V5\C51\LIB\C51S.LIB (?C?CLDPTR)
  C:\KEIL_V5\C51\LIB\C51S.LIB (?C?SIDIV)
  C:\KEIL_V5\C51\LIB\C51S.LIB (?C?UIDIV)


LINK MAP OF MODULE:  .\Objects\TEST (?C_STARTUP)


            TYPE    BASE      LENGTH    RELOCATION   SEGMENT NAME
            -----------------------------------------------------

            * * * * * * *   D A T A   M E M O R Y   * * * * * * *
            REG     0000H     0008H     ABSOLUTE     "REG BANK 0"
            DATA    0008H     0007H     UNIT         ?DT?MAIN
            DATA    000FH     0003H     UNIT         _DATA_GROUP_
            IDATA   0012H     0001H     UNIT         ?STACK

            * * * * * * *   C O D E   M E M O R Y   * * * * * * *
            CODE    0000H     0003H     ABSOLUTE     
                    0003H     07FDH                  *** GAP ***
            CODE    0800H     00B0H     UNIT         ?PR?MAIN?MAIN
            CODE    08B0H     00A4H     UNIT         ?C?LIB_CODE
            CODE    0954H     002EH     UNIT         ?PR?_DAT?MAIN
            CODE    0982H     0027H     UNIT         ?PR?_SHOW?MAIN
            CODE    09A9H     0023H     UNIT         ?PR?LCD_INT?MAIN
            CODE    09CCH     0020H     UNIT         ?PR?_CMD?MAIN
            CODE    09ECH     0011H     UNIT         ?PR?ADC?MAIN
            CODE    09FDH     000CH     UNIT         ?C_C51STARTUP
            CODE    0A09H     000BH     UNIT         ?CO?MAIN



OVERLAY MAP OF MODULE:   .\Objects\TEST (?C_STARTUP)


SEGMENT                          DATA_GROUP 
  +--> CALLED SEGMENT          START    LENGTH
----------------------------------------------
?C_C51STARTUP                  -----    -----
  +--> ?PR?MAIN?MAIN

?PR?MAIN?MAIN                  -----    -----
  +--> ?PR?LCD_INT?MAIN
  +--> ?CO?MAIN
  +--> ?PR?_SHOW?MAIN
  +--> ?PR?ADC?MAIN
  +--> ?PR?_CMD?MAIN
  +--> ?PR?_DAT?MAIN
BL51 BANKED LINKER/LOCATER V6.22.4.0                                                  09/25/2023  19:47:09  PAGE 2



?PR?LCD_INT?MAIN               -----    -----
  +--> ?PR?_CMD?MAIN

?PR?_SHOW?MAIN                 000FH    0003H
  +--> ?PR?_DAT?MAIN



SYMBOL TABLE OF MODULE:  .\Objects\TEST (?C_STARTUP)

  VALUE           TYPE          NAME
  ----------------------------------

  -------         MODULE        ?C_STARTUP
  C:09FDH         SEGMENT       ?C_C51STARTUP
  I:0012H         SEGMENT       ?STACK
  C:0000H         PUBLIC        ?C_STARTUP
  D:00E0H         SYMBOL        ACC
  D:00F0H         SYMBOL        B
  D:0083H         SYMBOL        DPH
  D:0082H         SYMBOL        DPL
  N:0000H         SYMBOL        IBPSTACK
  N:0100H         SYMBOL        IBPSTACKTOP
  N:0080H         SYMBOL        IDATALEN
  C:0A00H         SYMBOL        IDATALOOP
  N:0000H         SYMBOL        PBPSTACK
  N:0100H         SYMBOL        PBPSTACKTOP
  N:0000H         SYMBOL        PDATALEN
  N:0000H         SYMBOL        PDATASTART
  N:0000H         SYMBOL        PPAGE
  N:0000H         SYMBOL        PPAGEENABLE
  D:00A0H         SYMBOL        PPAGE_SFR
  D:0081H         SYMBOL        SP
  C:09FDH         SYMBOL        STARTUP1
  N:0000H         SYMBOL        XBPSTACK
  N:0000H         SYMBOL        XBPSTACKTOP
  N:0000H         SYMBOL        XDATALEN
  N:0000H         SYMBOL        XDATASTART
  C:0000H         LINE#         126
  C:09FDH         LINE#         133
  C:09FFH         LINE#         134
  C:0A00H         LINE#         135
  C:0A01H         LINE#         136
  C:0A03H         LINE#         185
  C:0A06H         LINE#         196
  -------         ENDMOD        ?C_STARTUP

  -------         MODULE        MAIN
  C:0000H         SYMBOL        _ICE_DUMMY_
  D:0080H         PUBLIC        P0
  D:0090H         PUBLIC        P1
  D:00A0H         PUBLIC        P2
  C:0800H         PUBLIC        main
  C:09ECH         PUBLIC        adc
  C:09CCH         PUBLIC        _cmd
  D:0008H         PUBLIC        conv
BL51 BANKED LINKER/LOCATER V6.22.4.0                                                  09/25/2023  19:47:09  PAGE 3


  C:0962H         PUBLIC        _dat
  B:0080H.2       PUBLIC        intr
  D:0009H         PUBLIC        get_value
  C:0982H         PUBLIC        _show
  B:0080H.7       PUBLIC        en
  B:0080H.0       PUBLIC        rd
  C:09A9H         PUBLIC        lcd_int
  B:0080H.5       PUBLIC        rs
  D:000BH         PUBLIC        i
  B:0080H.6       PUBLIC        rw
  B:0080H.1       PUBLIC        wr
  D:000DH         PUBLIC        v_value
  -------         PROC          MAIN
  C:0800H         LINE#         22
  C:0800H         LINE#         23
  C:0800H         LINE#         24
  C:0803H         LINE#         25
  C:080CH         LINE#         26
  C:080CH         LINE#         27
  C:080CH         LINE#         29
  C:0814H         LINE#         30
  C:081FH         LINE#         31
  C:0826H         LINE#         32
  C:083BH         LINE#         33
  C:0844H         LINE#         34
  C:0852H         LINE#         35
  C:0859H         LINE#         36
  C:0860H         LINE#         37
  C:0867H         LINE#         38
  C:087CH         LINE#         39
  C:0891H         LINE#         40
  -------         ENDPROC       MAIN
  -------         PROC          LCD_INT
  C:09A9H         LINE#         45
  C:09A9H         LINE#         46
  C:09A9H         LINE#         47
  C:09B0H         LINE#         48
  C:09B7H         LINE#         49
  C:09BEH         LINE#         50
  C:09C5H         LINE#         51
  -------         ENDPROC       LCD_INT
  -------         PROC          _CMD
  D:0006H         SYMBOL        b
  C:09CCH         LINE#         54
  C:09CCH         LINE#         55
  C:09CCH         LINE#         56
  C:09CEH         LINE#         57
  C:09D0H         LINE#         58
  C:09D2H         LINE#         59
  C:09D4H         LINE#         60
  C:09E9H         LINE#         61
  C:09EBH         LINE#         62
  -------         ENDPROC       _CMD
  -------         PROC          L?0038
  -------         ENDPROC       L?0038
  -------         PROC          _DAT
  D:0006H         SYMBOL        c
BL51 BANKED LINKER/LOCATER V6.22.4.0                                                  09/25/2023  19:47:09  PAGE 4


  C:0962H         LINE#         64
  C:0962H         LINE#         65
  C:0962H         LINE#         66
  C:0964H         LINE#         67
  C:0966H         LINE#         68
  C:0968H         LINE#         69
  C:096AH         LINE#         70
  C:097FH         LINE#         71
  C:0981H         LINE#         72
  -------         ENDPROC       _DAT
  -------         PROC          _SHOW
  D:000FH         SYMBOL        s
  C:0982H         LINE#         74
  C:0988H         LINE#         75
  C:0988H         LINE#         76
  C:0993H         LINE#         77
  C:09A8H         LINE#         78
  -------         ENDPROC       _SHOW
  -------         PROC          ADC
  C:09ECH         LINE#         80
  C:09ECH         LINE#         81
  C:09ECH         LINE#         82
  C:09EEH         LINE#         83
  C:09F0H         LINE#         84
  C:09F2H         LINE#         85
  C:09F5H         LINE#         86
  C:09F7H         LINE#         87
  C:09FAH         LINE#         89
  C:09FCH         LINE#         90
  -------         ENDPROC       ADC
  -------         ENDMOD        MAIN

  -------         MODULE        ?C?CLDPTR
  C:08B0H         PUBLIC        ?C?CLDPTR
  -------         ENDMOD        ?C?CLDPTR

  -------         MODULE        ?C?SIDIV
  C:08C9H         PUBLIC        ?C?SIDIV
  -------         ENDMOD        ?C?SIDIV

  -------         MODULE        ?C?UIDIV
  C:08FFH         PUBLIC        ?C?UIDIV
  -------         ENDMOD        ?C?UIDIV

******************************************************************************
* RESTRICTED VERSION WITH 0800H BYTE CODE SIZE LIMIT; USED: 0173H BYTE (18%) *
******************************************************************************

Program Size: data=19.0 xdata=0 code=535
LINK/LOCATE RUN COMPLETE.  0 WARNING(S),  0 ERROR(S)
